[www.cryptogods.life/index.html]
[backblue.gif]
[fade.gif]
[index.html]
[kajabi-storefronts-production.kajabi-cdn.com/kajabi-storefronts-production/sites/2147592479/images/oA5pWs0GSAy6CWRQu6rk_Group_6345e1f.png]
[kajabi-app-assets.kajabi-cdn.com/assets/core-39d7ec8c864adbae305102afb66be7486f2dfa14daf2042501bc27b46117fc72.css]
[use.fontawesome.com/releases/v5.15.2/css/all.css]
[kajabi-storefronts-production.kajabi-cdn.com/kajabi-storefronts-production/themes/2151160110/assets/stylesfbfc.css]
[kajabi-storefronts-production.kajabi-cdn.com/kajabi-storefronts-production/themes/2151160110/settings_images/7RjFHboRWyNaedZWRGyg_logo_2.png]
[www.cryptogods.life/apply.html]
[www.cryptogods.life/contact.html]
[www.cryptogods.life/login.html]
[kajabi-storefronts-production.kajabi-cdn.com/kajabi-storefronts-production/themes/2151160110/settings_images/WVdYyVsSNidKXRX8kved_homepage-header-img.png]
[kajabi-storefronts-production.kajabi-cdn.com/kajabi-storefronts-production/themes/2151160110/settings_images/mL8LWBZmRlKhEihnNCPa_Screen-Shot-2022-02-01-at-5.52.24-pm.png]
[kajabi-storefronts-production.kajabi-cdn.com/kajabi-storefronts-production/themes/2151160110/settings_images/RptFTW5qT21Jux3hH3NR_HpfKZ1S.jpg]
[www.elitecryptocommunity.com/wp-content/uploads/2021/08/stars-137x23.png]
[kajabi-storefronts-production.kajabi-cdn.com/kajabi-storefronts-production/themes/2151160110/settings_images/wyXKXIx3Re2auJphZR4D_oZ5xyTp.jpg]
[kajabi-storefronts-production.kajabi-cdn.com/kajabi-storefronts-production/themes/2151160110/settings_images/jG6tT7vdTQudDUUrwae6_2LLqKWp.jpg]
[kajabi-storefronts-production.kajabi-cdn.com/kajabi-storefronts-production/themes/2151160110/settings_images/gjQdihdHSbaZSfoH1GrP_7QrBFGh.jpg]
[kajabi-storefronts-production.kajabi-cdn.com/kajabi-storefronts-production/themes/2151160110/settings_images/2ZG3GNqOSjyN7dIdj6D9_e6QSaX5.jpg]
[kajabi-storefronts-production.kajabi-cdn.com/kajabi-storefronts-production/themes/2151160110/settings_images/WJqtAPIXS0aPR8bayK7e_lambo.png]
[kajabi-storefronts-production.kajabi-cdn.com/kajabi-storefronts-production/themes/2151160110/settings_images/wf5SA8qTQNuTQuWSXUtM_blue-check-icon.png]
[kajabi-storefronts-production.kajabi-cdn.com/kajabi-storefronts-production/themes/2151160110/settings_images/tsiKxWhTQSJKb9zltLbD_blue-check-icon.png]
[kajabi-storefronts-production.kajabi-cdn.com/kajabi-storefronts-production/themes/2151160110/settings_images/syRGQ05gTCCJ3wWPZ02r_bull-run-bg.png]
[kajabi-storefronts-production.kajabi-cdn.com/kajabi-storefronts-production/themes/2151160110/settings_images/d7zmMoT4RoWdqekXaZQm_bull-run-img.png]
[kajabi-storefronts-production.kajabi-cdn.com/kajabi-storefronts-production/themes/2151160110/settings_images/2faWpAnS2I0nms1y6vJA_Screenshot_3.png]
[kajabi-storefronts-production.kajabi-cdn.com/kajabi-storefronts-production/themes/2151160110/settings_images/Z1sfJogQSGPkCHqjslxL_file.jpg]
[kajabi-storefronts-production.kajabi-cdn.com/kajabi-storefronts-production/themes/2151160110/settings_images/cXFmcs6PTXmNWVmNap2u_1o6hvZM.jpg]
[kajabi-storefronts-production.kajabi-cdn.com/kajabi-storefronts-production/themes/2151160110/settings_images/xaDOqXo3Qduz10LYYEeh_55vlQIl.jpg]
[kajabi-storefronts-production.kajabi-cdn.com/kajabi-storefronts-production/themes/2151160110/settings_images/2hmdecRUOL5b1oqZ6FFw_7HH93VO.png]
[fast.wistia.com/assets/external/E-v1.js]
[kajabi-storefronts-production.kajabi-cdn.com/kajabi-storefronts-production/themes/2151160110/settings_images/3ytCvOvCTcqZf7y8ZgvR_twq0jxW.png]
[kajabi-storefronts-production.kajabi-cdn.com/kajabi-storefronts-production/themes/2151160110/settings_images/3tgx2CVORHaQaKX4k9vR_NYEJxjE.jpg]
[kajabi-storefronts-production.kajabi-cdn.com/kajabi-storefronts-production/themes/2151160110/settings_images/dBAbf3cSGdoh7W7RlXGA_3aJRVC3.jpg]
[kajabi-storefronts-production.kajabi-cdn.com/kajabi-storefronts-production/themes/2151160110/settings_images/vg5cAp2yQMi2gtbHbCZb_ygPjOb2.jpg]
[kajabi-storefronts-production.kajabi-cdn.com/kajabi-storefronts-production/themes/2151160110/settings_images/fCOJkXsmRAO5eASmLdxG_Y5LFAfASlKMTXQ35C6oH_samuel_snell_profiel_pic_verified.png]
[kajabi-storefronts-production.kajabi-cdn.com/kajabi-storefronts-production/themes/2151160110/settings_images/4PDyPgiQBacgWGTSzTog_Vvqz0mSR3657D4B6y8iw_lachie.png]
[kajabi-storefronts-production.kajabi-cdn.com/kajabi-storefronts-production/themes/2151160110/settings_images/RiX7N2XdTDuB2LPD6lUZ_Group_634.png]
[www.cryptogods.life/tos.html]
[www.cryptogods.life/legal.html]
[www.cryptogods.life/cancel.html]
[kajabi-storefronts-production.kajabi-cdn.com/kajabi-storefronts-production/themes/2151160110/assets/placeholderfbfc.png]
[fast.wistia.com/labs/crop-fill/plugin.js]
[kajabi-app-assets.kajabi-cdn.com/assets/encore_core-db4a3e41b4a98f5747f3469890cfbd0f423962d28f3aacac63e0ab9303820ffc.js]
[kajabi-storefronts-production.kajabi-cdn.com/kajabi-storefronts-production/themes/2151160110/assets/scriptsfbfc.js]
[www.cryptogods.life/index.html]
[kajabi-app-assets.kajabi-cdn.com/assets/core-39d7ec8c864adbae305102afb66be7486f2dfa14daf2042501bc27b46117fc72.css]
[use.fontawesome.com/releases/v5.15.2/css/all.css]
[kajabi-storefronts-production.kajabi-cdn.com/kajabi-storefronts-production/themes/2151160110/assets/stylesfbfc.css]
[kajabi-storefronts-production.kajabi-cdn.com/kajabi-storefronts-production/themes/2151160110/assets/overridesfbfc.css]
[www.cryptogods.life/notaloud.html]
[kajabi-storefronts-production.kajabi-cdn.com/kajabi-storefronts-production/themes/2151163880/assets/styles22d4.css]
[kajabi-storefronts-production.kajabi-cdn.com/kajabi-storefronts-production/themes/2151163880/settings_images/KDB4Tp4TRuJtmBYVvfs9_application_accepted_thumbnail.png]
[www.cryptogods.life/before-apply.html]
[kajabi-storefronts-production.kajabi-cdn.com/kajabi-storefronts-production/themes/2151163880/settings_images/p7Gyun3WTZSgYDx9opci_Group_631.png]
[kajabi-storefronts-production.kajabi-cdn.com/kajabi-storefronts-production/themes/2151163880/settings_images/oWeKHbcTRCuEvgHfRh9e_Group_628.png]
[kajabi-storefronts-production.kajabi-cdn.com/kajabi-storefronts-production/themes/2151163880/settings_images/TN9bMaeZTFCraizjaZnw_Group_629.png]
[kajabi-storefronts-production.kajabi-cdn.com/kajabi-storefronts-production/themes/2151163880/settings_images/QbIPfkZRSUCtlwidvxds_Group_634.png]
[kajabi-storefronts-production.kajabi-cdn.com/kajabi-storefronts-production/themes/2151163880/assets/placeholder22d4.png]
[www.cryptogods.life/apply.html]
[kajabi-storefronts-production.kajabi-cdn.com/kajabi-storefronts-production/themes/2151163880/assets/scripts22d4.js]
[www.cryptogods.life/cdn-cgi/l/email-protection.html]
[kajabi-storefronts-production.kajabi-cdn.com/kajabi-storefronts-production/themes/2151160110/settings_images/MEjRm08QhSRauFSDUqDw_samuel_snell_profiel_pic_verified.png]
[www.pngitem.com/pimgs/m/302-3024199_instagram-verified-symbol-png-instagram-verified-logo-png.png]
[www.edigitalagency.com.au/wp-content/uploads/TikTok-icon-glyph.png]
[kajabi-storefronts-production.kajabi-cdn.com/kajabi-storefronts-production/themes/2151160110/settings_images/Lk6aPhiT8ICJNarPN9qA_lachie.png]
[www.cryptogods.life/contact.html]
[www.cryptogods.life/cdn-cgi/scripts/5c5dd728/cloudflare-static/email-decode.min.js]
[www.cryptogods.life/login.html]
[www.cryptogods.life/password/new.html]
[kajabi-storefronts-production.kajabi-cdn.com/kajabi-storefronts-production/themes/2151165909/assets/styles025a.css]
[www.cryptogods.life/tos.html]
[kajabi-storefronts-production.kajabi-cdn.com/kajabi-storefronts-production/themes/2151165953/assets/stylesaa27.css]
[www.cryptogods.life/legal.html]
[kajabi-storefronts-production.kajabi-cdn.com/kajabi-storefronts-production/themes/2151163998/assets/styles9410.css]
[www.cryptogods.life/cancel.html]
[kajabi-storefronts-production.kajabi-cdn.com/kajabi-storefronts-production/sites/2147592479/images/lNlufderQ7ereNnxKbPS_Start_your_Crypto_journey.jpg]
[kajabi-storefronts-production.kajabi-cdn.com/kajabi-storefronts-production/themes/2151692615/assets/styles6735.css]
[www.cryptogods.life/notaloud.html]
[kajabi-storefronts-production.kajabi-cdn.com/kajabi-storefronts-production/themes/2151163880/assets/styles22d4.css]
[kajabi-storefronts-production.kajabi-cdn.com/kajabi-storefronts-production/themes/2151163880/assets/overrides22d4.css]
[kajabi-storefronts-production.kajabi-cdn.com/kajabi-storefronts-production/themes/2151548014/assets/styles314c.css]
[www.cryptogods.life/before-apply.html]
[www.cryptogods.life/cdn-cgi/l/email-protection.html]
[www.cryptogods.life/password/notaloud]
[www.cryptogods.life/password/new.html]
[kajabi-storefronts-production.kajabi-cdn.com/kajabi-storefronts-production/themes/2151165909/assets/styles025a.css]
[kajabi-storefronts-production.kajabi-cdn.com/kajabi-storefronts-production/themes/2151165909/assets/overrides025a.css]
[kajabi-storefronts-production.kajabi-cdn.com/kajabi-storefronts-production/themes/2151165953/assets/stylesaa27.css]
[kajabi-storefronts-production.kajabi-cdn.com/kajabi-storefronts-production/themes/2151165953/assets/overridesaa27.css]
[kajabi-storefronts-production.kajabi-cdn.com/kajabi-storefronts-production/themes/2151163998/assets/styles9410.css]
[kajabi-storefronts-production.kajabi-cdn.com/kajabi-storefronts-production/themes/2151163998/assets/overrides9410.css]
[kajabi-storefronts-production.kajabi-cdn.com/kajabi-storefronts-production/themes/2151692615/assets/styles6735.css]
[kajabi-storefronts-production.kajabi-cdn.com/kajabi-storefronts-production/themes/2151692615/assets/overrides6735.css]
[kajabi-storefronts-production.kajabi-cdn.com/kajabi-storefronts-production/themes/2151548014/assets/styles314c.css]
[kajabi-storefronts-production.kajabi-cdn.com/kajabi-storefronts-production/themes/2151548014/assets/overrides314c.css]
[www.cryptogods.life/password/notaloud.html]
